
==========================================================================
resizer report_tns
--------------------------------------------------------------------------
tns max 0.00

==========================================================================
resizer report_wns
--------------------------------------------------------------------------
wns max 0.00

==========================================================================
resizer report_worst_slack
--------------------------------------------------------------------------
worst slack max 8.82

==========================================================================
resizer report_clock_min_period
--------------------------------------------------------------------------
clk period_min = 1.18 fmax = 850.39

==========================================================================
resizer report_checks -path_delay min
--------------------------------------------------------------------------
Startpoint: ROW[3].COL[3].pe_inst.mac_inst.acc[15]$_DFFE_PN0P_
            (rising edge-triggered flip-flop clocked by clk)
Endpoint: ROW[3].COL[3].pe_inst.mac_inst.acc[15]$_DFFE_PN0P_
          (rising edge-triggered flip-flop clocked by clk)
Path Group: clk
Path Type: min

Fanout     Cap    Slew   Delay    Time   Description
-----------------------------------------------------------------------------
                  0.00    0.00    0.00   clock clk (rise edge)
                          0.00    0.00   clock network delay (ideal)
                  0.00    0.00    0.00 ^ ROW[3].COL[3].pe_inst.mac_inst.acc[15]$_DFFE_PN0P_/CK (DFFR_X1)
     3    5.82    0.01    0.09    0.09 v ROW[3].COL[3].pe_inst.mac_inst.acc[15]$_DFFE_PN0P_/Q (DFFR_X1)
                                         net554 (net)
                  0.01    0.00    0.09 v _10898_/A1 (NAND2_X1)
     1    1.74    0.01    0.02    0.11 ^ _10898_/ZN (NAND2_X1)
                                         _03274_ (net)
                  0.01    0.00    0.11 ^ _10905_/A (OAI21_X1)
     1    1.33    0.01    0.01    0.12 v _10905_/ZN (OAI21_X1)
                                         _01755_ (net)
                  0.01    0.00    0.12 v ROW[3].COL[3].pe_inst.mac_inst.acc[15]$_DFFE_PN0P_/D (DFFR_X1)
                                  0.12   data arrival time

                  0.00    0.00    0.00   clock clk (rise edge)
                          0.00    0.00   clock network delay (ideal)
                          0.00    0.00   clock reconvergence pessimism
                                  0.00 ^ ROW[3].COL[3].pe_inst.mac_inst.acc[15]$_DFFE_PN0P_/CK (DFFR_X1)
                          0.00    0.00   library hold time
                                  0.00   data required time
-----------------------------------------------------------------------------
                                  0.00   data required time
                                 -0.12   data arrival time
-----------------------------------------------------------------------------
                                  0.12   slack (MET)



==========================================================================
resizer report_checks -path_delay max
--------------------------------------------------------------------------
Startpoint: ROW[1].COL[0].pe_inst.b_out[6]$_DFFE_PN0P_
            (rising edge-triggered flip-flop clocked by clk)
Endpoint: ROW[2].COL[0].pe_inst.mac_inst.acc[31]$_DFFE_PN0P_
          (rising edge-triggered flip-flop clocked by clk)
Path Group: clk
Path Type: max

Fanout     Cap    Slew   Delay    Time   Description
-----------------------------------------------------------------------------
                  0.00    0.00    0.00   clock clk (rise edge)
                          0.00    0.00   clock network delay (ideal)
                  0.00    0.00    0.00 ^ ROW[1].COL[0].pe_inst.b_out[6]$_DFFE_PN0P_/CK (DFFR_X1)
    10   28.13    0.06    0.16    0.16 ^ ROW[1].COL[0].pe_inst.b_out[6]$_DFFE_PN0P_/Q (DFFR_X1)
                                         ROW[1].COL[0].pe_inst.b_out[6] (net)
                  0.06    0.01    0.17 ^ _09826_/A2 (AND2_X1)
     1    3.54    0.01    0.05    0.21 ^ _09826_/ZN (AND2_X1)
                                         _00354_ (net)
                  0.01    0.00    0.21 ^ _14165_/B (FA_X1)
     1    3.67    0.02    0.10    0.31 v _14165_/S (FA_X1)
                                         _07394_ (net)
                  0.02    0.00    0.31 v _14183_/B (FA_X1)
     1    4.62    0.02    0.13    0.44 ^ _14183_/S (FA_X1)
                                         _07448_ (net)
                  0.02    0.00    0.44 ^ _14205_/B (FA_X1)
     1    3.76    0.02    0.10    0.54 v _14205_/S (FA_X1)
                                         _07515_ (net)
                  0.02    0.00    0.54 v _14219_/B (FA_X1)
     1    3.76    0.02    0.13    0.66 ^ _14219_/S (FA_X1)
                                         _07554_ (net)
                  0.02    0.00    0.66 ^ _15075_/B (HA_X1)
     4    9.62    0.06    0.09    0.75 ^ _15075_/S (HA_X1)
                                         _01358_ (net)
                  0.06    0.00    0.75 ^ _13084_/A1 (NAND2_X1)
     1    1.74    0.02    0.02    0.77 v _13084_/ZN (NAND2_X1)
                                         _05080_ (net)
                  0.02    0.00    0.77 v _13085_/B2 (OAI21_X1)
     3    6.04    0.04    0.06    0.83 ^ _13085_/ZN (OAI21_X1)
                                         _05081_ (net)
                  0.04    0.00    0.83 ^ _13086_/B1 (AOI21_X1)
     2    3.58    0.02    0.03    0.85 v _13086_/ZN (AOI21_X1)
                                         _05082_ (net)
                  0.02    0.00    0.85 v _13088_/A2 (NOR3_X1)
     4   11.23    0.09    0.12    0.98 ^ _13088_/ZN (NOR3_X1)
                                         _05084_ (net)
                  0.09    0.00    0.98 ^ _13134_/C2 (OAI211_X2)
     4    8.06    0.03    0.05    1.03 v _13134_/ZN (OAI211_X2)
                                         _05124_ (net)
                  0.03    0.00    1.03 v _13805_/B2 (AOI21_X1)
     1    2.54    0.03    0.05    1.08 ^ _13805_/ZN (AOI21_X1)
                                         _05654_ (net)
                  0.03    0.00    1.08 ^ _13806_/S (MUX2_X1)
     1    1.26    0.01    0.06    1.14 v _13806_/Z (MUX2_X1)
                                         _02282_ (net)
                  0.01    0.00    1.14 v ROW[2].COL[0].pe_inst.mac_inst.acc[31]$_DFFE_PN0P_/D (DFFR_X1)
                                  1.14   data arrival time

                  0.00   10.00   10.00   clock clk (rise edge)
                          0.00   10.00   clock network delay (ideal)
                          0.00   10.00   clock reconvergence pessimism
                                 10.00 ^ ROW[2].COL[0].pe_inst.mac_inst.acc[31]$_DFFE_PN0P_/CK (DFFR_X1)
                         -0.04    9.96   library setup time
                                  9.96   data required time
-----------------------------------------------------------------------------
                                  9.96   data required time
                                 -1.14   data arrival time
-----------------------------------------------------------------------------
                                  8.82   slack (MET)



==========================================================================
resizer report_checks -unconstrained
--------------------------------------------------------------------------
Startpoint: ROW[1].COL[0].pe_inst.b_out[6]$_DFFE_PN0P_
            (rising edge-triggered flip-flop clocked by clk)
Endpoint: ROW[2].COL[0].pe_inst.mac_inst.acc[31]$_DFFE_PN0P_
          (rising edge-triggered flip-flop clocked by clk)
Path Group: clk
Path Type: max

Fanout     Cap    Slew   Delay    Time   Description
-----------------------------------------------------------------------------
                  0.00    0.00    0.00   clock clk (rise edge)
                          0.00    0.00   clock network delay (ideal)
                  0.00    0.00    0.00 ^ ROW[1].COL[0].pe_inst.b_out[6]$_DFFE_PN0P_/CK (DFFR_X1)
    10   28.13    0.06    0.16    0.16 ^ ROW[1].COL[0].pe_inst.b_out[6]$_DFFE_PN0P_/Q (DFFR_X1)
                                         ROW[1].COL[0].pe_inst.b_out[6] (net)
                  0.06    0.01    0.17 ^ _09826_/A2 (AND2_X1)
     1    3.54    0.01    0.05    0.21 ^ _09826_/ZN (AND2_X1)
                                         _00354_ (net)
                  0.01    0.00    0.21 ^ _14165_/B (FA_X1)
     1    3.67    0.02    0.10    0.31 v _14165_/S (FA_X1)
                                         _07394_ (net)
                  0.02    0.00    0.31 v _14183_/B (FA_X1)
     1    4.62    0.02    0.13    0.44 ^ _14183_/S (FA_X1)
                                         _07448_ (net)
                  0.02    0.00    0.44 ^ _14205_/B (FA_X1)
     1    3.76    0.02    0.10    0.54 v _14205_/S (FA_X1)
                                         _07515_ (net)
                  0.02    0.00    0.54 v _14219_/B (FA_X1)
     1    3.76    0.02    0.13    0.66 ^ _14219_/S (FA_X1)
                                         _07554_ (net)
                  0.02    0.00    0.66 ^ _15075_/B (HA_X1)
     4    9.62    0.06    0.09    0.75 ^ _15075_/S (HA_X1)
                                         _01358_ (net)
                  0.06    0.00    0.75 ^ _13084_/A1 (NAND2_X1)
     1    1.74    0.02    0.02    0.77 v _13084_/ZN (NAND2_X1)
                                         _05080_ (net)
                  0.02    0.00    0.77 v _13085_/B2 (OAI21_X1)
     3    6.04    0.04    0.06    0.83 ^ _13085_/ZN (OAI21_X1)
                                         _05081_ (net)
                  0.04    0.00    0.83 ^ _13086_/B1 (AOI21_X1)
     2    3.58    0.02    0.03    0.85 v _13086_/ZN (AOI21_X1)
                                         _05082_ (net)
                  0.02    0.00    0.85 v _13088_/A2 (NOR3_X1)
     4   11.23    0.09    0.12    0.98 ^ _13088_/ZN (NOR3_X1)
                                         _05084_ (net)
                  0.09    0.00    0.98 ^ _13134_/C2 (OAI211_X2)
     4    8.06    0.03    0.05    1.03 v _13134_/ZN (OAI211_X2)
                                         _05124_ (net)
                  0.03    0.00    1.03 v _13805_/B2 (AOI21_X1)
     1    2.54    0.03    0.05    1.08 ^ _13805_/ZN (AOI21_X1)
                                         _05654_ (net)
                  0.03    0.00    1.08 ^ _13806_/S (MUX2_X1)
     1    1.26    0.01    0.06    1.14 v _13806_/Z (MUX2_X1)
                                         _02282_ (net)
                  0.01    0.00    1.14 v ROW[2].COL[0].pe_inst.mac_inst.acc[31]$_DFFE_PN0P_/D (DFFR_X1)
                                  1.14   data arrival time

                  0.00   10.00   10.00   clock clk (rise edge)
                          0.00   10.00   clock network delay (ideal)
                          0.00   10.00   clock reconvergence pessimism
                                 10.00 ^ ROW[2].COL[0].pe_inst.mac_inst.acc[31]$_DFFE_PN0P_/CK (DFFR_X1)
                         -0.04    9.96   library setup time
                                  9.96   data required time
-----------------------------------------------------------------------------
                                  9.96   data required time
                                 -1.14   data arrival time
-----------------------------------------------------------------------------
                                  8.82   slack (MET)



==========================================================================
resizer report_check_types -max_slew -max_cap -max_fanout -violators
--------------------------------------------------------------------------

==========================================================================
resizer max_slew_check_slack
--------------------------------------------------------------------------
0.06938835978507996

==========================================================================
resizer max_slew_check_limit
--------------------------------------------------------------------------
0.1985349953174591

==========================================================================
resizer max_slew_check_slack_limit
--------------------------------------------------------------------------
0.3495

==========================================================================
resizer max_fanout_check_slack
--------------------------------------------------------------------------
1.0000000150474662e+30

==========================================================================
resizer max_fanout_check_limit
--------------------------------------------------------------------------
1.0000000150474662e+30

==========================================================================
resizer max_capacitance_check_slack
--------------------------------------------------------------------------
1.6037434339523315

==========================================================================
resizer max_capacitance_check_limit
--------------------------------------------------------------------------
26.054399490356445

==========================================================================
resizer max_capacitance_check_slack_limit
--------------------------------------------------------------------------
0.0616

==========================================================================
resizer max_slew_violation_count
--------------------------------------------------------------------------
max slew violation count 0

==========================================================================
resizer max_fanout_violation_count
--------------------------------------------------------------------------
max fanout violation count 0

==========================================================================
resizer max_cap_violation_count
--------------------------------------------------------------------------
max cap violation count 0

==========================================================================
resizer setup_violation_count
--------------------------------------------------------------------------
setup violation count 0

==========================================================================
resizer hold_violation_count
--------------------------------------------------------------------------
hold violation count 0

==========================================================================
resizer report_checks -path_delay max reg to reg
--------------------------------------------------------------------------
Startpoint: ROW[1].COL[0].pe_inst.b_out[6]$_DFFE_PN0P_
            (rising edge-triggered flip-flop clocked by clk)
Endpoint: ROW[2].COL[0].pe_inst.mac_inst.acc[31]$_DFFE_PN0P_
          (rising edge-triggered flip-flop clocked by clk)
Path Group: clk
Path Type: max

  Delay    Time   Description
---------------------------------------------------------
   0.00    0.00   clock clk (rise edge)
   0.00    0.00   clock network delay (ideal)
   0.00    0.00 ^ ROW[1].COL[0].pe_inst.b_out[6]$_DFFE_PN0P_/CK (DFFR_X1)
   0.16    0.16 ^ ROW[1].COL[0].pe_inst.b_out[6]$_DFFE_PN0P_/Q (DFFR_X1)
   0.06    0.21 ^ _09826_/ZN (AND2_X1)
   0.10    0.31 v _14165_/S (FA_X1)
   0.13    0.44 ^ _14183_/S (FA_X1)
   0.10    0.54 v _14205_/S (FA_X1)
   0.13    0.66 ^ _14219_/S (FA_X1)
   0.09    0.75 ^ _15075_/S (HA_X1)
   0.02    0.77 v _13084_/ZN (NAND2_X1)
   0.06    0.83 ^ _13085_/ZN (OAI21_X1)
   0.03    0.85 v _13086_/ZN (AOI21_X1)
   0.12    0.98 ^ _13088_/ZN (NOR3_X1)
   0.05    1.03 v _13134_/ZN (OAI211_X2)
   0.05    1.08 ^ _13805_/ZN (AOI21_X1)
   0.06    1.14 v _13806_/Z (MUX2_X1)
   0.00    1.14 v ROW[2].COL[0].pe_inst.mac_inst.acc[31]$_DFFE_PN0P_/D (DFFR_X1)
           1.14   data arrival time

  10.00   10.00   clock clk (rise edge)
   0.00   10.00   clock network delay (ideal)
   0.00   10.00   clock reconvergence pessimism
          10.00 ^ ROW[2].COL[0].pe_inst.mac_inst.acc[31]$_DFFE_PN0P_/CK (DFFR_X1)
  -0.04    9.96   library setup time
           9.96   data required time
---------------------------------------------------------
           9.96   data required time
          -1.14   data arrival time
---------------------------------------------------------
           8.82   slack (MET)



==========================================================================
resizer report_checks -path_delay min reg to reg
--------------------------------------------------------------------------
Startpoint: ROW[3].COL[3].pe_inst.mac_inst.acc[15]$_DFFE_PN0P_
            (rising edge-triggered flip-flop clocked by clk)
Endpoint: ROW[3].COL[3].pe_inst.mac_inst.acc[15]$_DFFE_PN0P_
          (rising edge-triggered flip-flop clocked by clk)
Path Group: clk
Path Type: min

  Delay    Time   Description
---------------------------------------------------------
   0.00    0.00   clock clk (rise edge)
   0.00    0.00   clock network delay (ideal)
   0.00    0.00 ^ ROW[3].COL[3].pe_inst.mac_inst.acc[15]$_DFFE_PN0P_/CK (DFFR_X1)
   0.09    0.09 v ROW[3].COL[3].pe_inst.mac_inst.acc[15]$_DFFE_PN0P_/Q (DFFR_X1)
   0.02    0.11 ^ _10898_/ZN (NAND2_X1)
   0.01    0.12 v _10905_/ZN (OAI21_X1)
   0.00    0.12 v ROW[3].COL[3].pe_inst.mac_inst.acc[15]$_DFFE_PN0P_/D (DFFR_X1)
           0.12   data arrival time

   0.00    0.00   clock clk (rise edge)
   0.00    0.00   clock network delay (ideal)
   0.00    0.00   clock reconvergence pessimism
           0.00 ^ ROW[3].COL[3].pe_inst.mac_inst.acc[15]$_DFFE_PN0P_/CK (DFFR_X1)
   0.00    0.00   library hold time
           0.00   data required time
---------------------------------------------------------
           0.00   data required time
          -0.12   data arrival time
---------------------------------------------------------
           0.12   slack (MET)



==========================================================================
resizer critical path target clock latency max path
--------------------------------------------------------------------------
0

==========================================================================
resizer critical path target clock latency min path
--------------------------------------------------------------------------
0

==========================================================================
resizer critical path source clock latency min path
--------------------------------------------------------------------------
0

==========================================================================
resizer critical path delay
--------------------------------------------------------------------------
1.1350

==========================================================================
resizer critical path slack
--------------------------------------------------------------------------
8.8241

==========================================================================
resizer slack div critical path delay
--------------------------------------------------------------------------
777.453744

==========================================================================
resizer report_power
--------------------------------------------------------------------------
Group                  Internal  Switching    Leakage      Total
                          Power      Power      Power      Power (Watts)
----------------------------------------------------------------
Sequential             6.53e-04   1.40e-04   5.80e-05   8.51e-04  13.9%
Combinational          2.70e-03   2.36e-03   2.13e-04   5.27e-03  86.1%
Clock                  0.00e+00   0.00e+00   0.00e+00   0.00e+00   0.0%
Macro                  0.00e+00   0.00e+00   0.00e+00   0.00e+00   0.0%
Pad                    0.00e+00   0.00e+00   0.00e+00   0.00e+00   0.0%
----------------------------------------------------------------
Total                  3.36e-03   2.50e-03   2.71e-04   6.12e-03 100.0%
                          54.8%      40.8%       4.4%
