OPENROAD: /OpenROAD-flow-scripts/tools/OpenROAD
OpenROAD 26Q3-1867-g84e3ff1eb2 
Features included (+) or not (-): +GPU +GUI +Python
This program is licensed under the BSD-3 license. See the LICENSE file for details.
Components of this program may be licensed under more restrictive licenses which must be honored.
[INFO CTS-0050] Root buffer is CLKBUF_X3.
[INFO CTS-0051] Sink buffer is CLKBUF_X3.
[INFO CTS-0052] The following clock buffers will be used for CTS:
                    CLKBUF_X3
[INFO CTS-0049] Characterization buffer is CLKBUF_X3.
[INFO CTS-0007] Net "clk" found for clock "clk".
[INFO CTS-0010]  Clock net "clk" has 704 sinks.
[INFO CTS-0008] TritonCTS found 1 clock nets.
[INFO CTS-0097] Characterization used 1 buffer(s) types.
[INFO CTS-0201] 0 blockages from hard placement blockages and placed macros will be used.
[INFO CTS-0027] Generating H-Tree topology for net clk.
[INFO CTS-0028]  Total number of sinks: 704.
[INFO CTS-0090]  Sinks will be clustered based on buffer max cap.
[INFO CTS-0030]  Number of static layers: 0.
[INFO CTS-0020]  Wire segment unit: 14000  dbu (7 um).
[INFO CTS-0206] Best clustering solution was found from max clustering size of 8 and max clustering diameter of 48.
[INFO CTS-0019]  Total number of sinks after clustering: 129.
[INFO CTS-0024]  Normalized sink region: [(0.4175, 0.854), (30.3404, 30.774)].
[INFO CTS-0025]     Width:  29.9229.
[INFO CTS-0026]     Height: 29.9200.
 Level 1
    Direction: Horizontal
    Sinks per sub-region: 65
    Sub-region size: 14.9614 X 29.9200
[INFO CTS-0034]     Segment length (rounded): 8.
 Level 2
    Direction: Vertical
    Sinks per sub-region: 33
    Sub-region size: 14.9614 X 14.9600
[INFO CTS-0034]     Segment length (rounded): 8.
 Level 3
    Direction: Horizontal
    Sinks per sub-region: 17
    Sub-region size: 7.4807 X 14.9600
[INFO CTS-0034]     Segment length (rounded): 4.
 Level 4
    Direction: Vertical
    Sinks per sub-region: 9
    Sub-region size: 7.4807 X 7.4800
[INFO CTS-0034]     Segment length (rounded): 4.
[INFO CTS-0038]  Stop criterion found. Sink region hpwl is smaller than max wirelength (591.189 um) and max number of sinks is 15.
[INFO CTS-0035]  Number of sinks covered: 129.
[INFO CTS-0018]     Created 146 clock buffers.
[INFO CTS-0012]     Minimum number of buffers in the clock path: 3.
[INFO CTS-0013]     Maximum number of buffers in the clock path: 3.
[INFO CTS-0015]     Created 146 clock nets.
[INFO CTS-0016]     Fanout distribution for the current clock = 3:5, 4:18, 5:39, 6:50, 7:20, 8:7, 9:5, 10:1..
[INFO CTS-0017]     Max level of the clock tree: 4.
[INFO CTS-0098] Clock net "clk"
[INFO CTS-0099]  Sinks 819
[INFO CTS-0100]  Leaf buffers 129
[INFO CTS-0101]  Average sink wire length 359.80 um
[INFO CTS-0102]  Path depth 2 - 3
[INFO CTS-0207]  Dummy loads inserted 115
[INFO CTS-0500] Runtime: 1.67s
[INFO DPL-0006] Core area: 47761.90 um^2
[INFO DPL-0007] Movable instances area: 14658.20 um^2
[INFO DPL-0008] Fixed instances area within core: 104.01 um^2
[INFO DPL-0009] Utilization: 30.9%
[INFO DPL-0005] Diamond search max displacement: +/- 500 sites horizontally, +/- 100 rows vertically.
[INFO DPL-1102] Legalizing using negotiation legalizer.
[INFO DPL-1103] Negotiation base search window: +/-20 sites horizontally, +/-5 rows vertically 
	Automatic search window extension enabled.
	Search window extendable up to the max displacement cap of +/-500 sites, +/-100 rows near walls.
[INFO DPL-1104] NegotiationLegalizer DRC penalty: 5.
[INFO DPL-0392] Negotiation cell height distribution (1 unique row-count(s)):
[INFO DPL-0393]   height 1 row(s): 7901 cells
          |      Total |  Illegal |  Illegal
Iteration | Violations |    Cells |    Sites
---------------------------------------------
        0 |        146 |        44 |       102
        1 |          0 |         0 |         0
Negotiation phase 1 converged at iteration 1.
[INFO DPL-0500] Runtime: 0.06s
Placement Analysis
---------------------------------
total displacement       3422.6 u
average displacement        0.4 u
max displacement            5.3 u
original HPWL           93240.3 u
legalized HPWL          94968.3 u
delta HPWL                    2 %

=== MANUAL CTS AREA ===
Design area 14762 um^2 31% utilization.
=== MANUAL CTS MAX TIMING ===
[WARNING STA-0168] unknown field nets.
Startpoint: ROW[1].COL[0].pe_inst.b_out[5]$_DFFE_PN0P_
            (rising edge-triggered flip-flop clocked by clk)
Endpoint: ROW[2].COL[0].pe_inst.mac_inst.acc[23]$_DFFE_PN0P_
          (rising edge-triggered flip-flop clocked by clk)
Path Group: clk
Path Type: max

Fanout     Cap    Slew   Delay    Time   Description
-----------------------------------------------------------------------------
                          0.00    0.00   clock clk (rise edge)
                          0.22    0.22   clock network delay (propagated)
                  0.01    0.00    0.22 ^ ROW[1].COL[0].pe_inst.b_out[5]$_DFFE_PN0P_/CK (DFFR_X1)
    10   29.66    0.07    0.16    0.38 ^ ROW[1].COL[0].pe_inst.b_out[5]$_DFFE_PN0P_/Q (DFFR_X1)
                  0.07    0.01    0.39 ^ _09816_/A2 (AND2_X1)
     1    2.90    0.01    0.05    0.44 ^ _09816_/ZN (AND2_X1)
                  0.01    0.00    0.44 ^ _14165_/CI (FA_X1)
     1    3.90    0.02    0.09    0.53 v _14165_/S (FA_X1)
                  0.02    0.00    0.53 v _14183_/B (FA_X1)
     1    4.66    0.02    0.13    0.66 ^ _14183_/S (FA_X1)
                  0.02    0.00    0.66 ^ _14205_/B (FA_X1)
     1    3.61    0.02    0.10    0.76 v _14205_/S (FA_X1)
                  0.02    0.00    0.76 v _14219_/B (FA_X1)
     1    3.72    0.02    0.13    0.89 ^ _14219_/S (FA_X1)
                  0.02    0.00    0.89 ^ _15075_/B (HA_X1)
     4    9.75    0.06    0.09    0.98 ^ _15075_/S (HA_X1)
                  0.06    0.00    0.98 ^ _13084_/A1 (NAND2_X1)
     1    1.68    0.02    0.02    1.00 v _13084_/ZN (NAND2_X1)
                  0.02    0.00    1.00 v _13085_/B2 (OAI21_X1)
     3    6.13    0.04    0.06    1.05 ^ _13085_/ZN (OAI21_X1)
                  0.04    0.00    1.05 ^ _13086_/B1 (AOI21_X1)
     2    3.64    0.02    0.03    1.08 v _13086_/ZN (AOI21_X1)
                  0.02    0.00    1.08 v _13088_/A2 (NOR3_X1)
     4   11.29    0.09    0.12    1.20 ^ _13088_/ZN (NOR3_X1)
                  0.09    0.00    1.20 ^ _13134_/C2 (OAI211_X2)
     4    8.30    0.03    0.05    1.25 v _13134_/ZN (OAI211_X2)
                  0.03    0.00    1.25 v _13135_/B2 (AOI21_X1)
     1    2.30    0.03    0.05    1.30 ^ _13135_/ZN (AOI21_X1)
                  0.03    0.00    1.30 ^ _13136_/S (MUX2_X1)
     1    1.14    0.01    0.06    1.36 v _13136_/Z (MUX2_X1)
                  0.01    0.00    1.36 v ROW[2].COL[0].pe_inst.mac_inst.acc[23]$_DFFE_PN0P_/D (DFFR_X1)
                                  1.36   data arrival time

                         10.00   10.00   clock clk (rise edge)
                          0.22   10.22   clock network delay (propagated)
                          0.00   10.22   clock reconvergence pessimism
                                 10.22 ^ ROW[2].COL[0].pe_inst.mac_inst.acc[23]$_DFFE_PN0P_/CK (DFFR_X1)
                         -0.04   10.18   library setup time
                                 10.18   data required time
-----------------------------------------------------------------------------
                                 10.18   data required time
                                 -1.36   data arrival time
-----------------------------------------------------------------------------
                                  8.82   slack (MET)


=== MANUAL CTS MIN TIMING ===
[WARNING STA-0168] unknown field nets.
Startpoint: ROW[1].COL[2].pe_inst.mac_inst.acc[26]$_DFFE_PN0P_
            (rising edge-triggered flip-flop clocked by clk)
Endpoint: ROW[1].COL[2].pe_inst.mac_inst.acc[26]$_DFFE_PN0P_
          (rising edge-triggered flip-flop clocked by clk)
Path Group: clk
Path Type: min

Fanout     Cap    Slew   Delay    Time   Description
-----------------------------------------------------------------------------
                          0.00    0.00   clock clk (rise edge)
                          0.21    0.21   clock network delay (propagated)
                  0.01    0.00    0.21 ^ ROW[1].COL[2].pe_inst.mac_inst.acc[26]$_DFFE_PN0P_/CK (DFFR_X1)
     4    6.16    0.01    0.10    0.31 v ROW[1].COL[2].pe_inst.mac_inst.acc[26]$_DFFE_PN0P_/Q (DFFR_X1)
                  0.01    0.00    0.31 v _12434_/A1 (NAND2_X1)
     1    1.74    0.01    0.02    0.32 ^ _12434_/ZN (NAND2_X1)
                  0.01    0.00    0.32 ^ _12436_/B1 (OAI21_X1)
     1    1.18    0.01    0.01    0.34 v _12436_/ZN (OAI21_X1)
                  0.01    0.00    0.34 v ROW[1].COL[2].pe_inst.mac_inst.acc[26]$_DFFE_PN0P_/D (DFFR_X1)
                                  0.34   data arrival time

                          0.00    0.00   clock clk (rise edge)
                          0.21    0.21   clock network delay (propagated)
                          0.00    0.21   clock reconvergence pessimism
                                  0.21 ^ ROW[1].COL[2].pe_inst.mac_inst.acc[26]$_DFFE_PN0P_/CK (DFFR_X1)
                          0.01    0.22   library hold time
                                  0.22   data required time
-----------------------------------------------------------------------------
                                  0.22   data required time
                                 -0.34   data arrival time
-----------------------------------------------------------------------------
                                  0.12   slack (MET)


=== MANUAL CTS SLACK/TNS ===
worst slack max 8.82
worst slack min 0.12
tns max 0.00
tns min 0.00
