OPENROAD: /OpenROAD-flow-scripts/tools/OpenROAD
mkdir -p /work/results/nangate45/opentransformer_pe_array/base/
echo 10.000 > /work/results/nangate45/opentransformer_pe_array/base/clock_period.txt
/OpenROAD-flow-scripts/flow/scripts/synth.sh /OpenROAD-flow-scripts/flow/scripts/synth_canonicalize.tcl /work/logs/nangate45/opentransformer_pe_array/base/1_1_yosys_canonicalize.log
Using ABC speed script.
Extracting clock period from SDC file: /work/results/nangate45/opentransformer_pe_array/base/clock_period.txt
Setting clock period to 10.000
1. Executing Liberty frontend: /OpenROAD-flow-scripts/flow/platforms/nangate45/lib/NangateOpenCellLibrary_typical.lib
2. Executing Liberty frontend: /OpenROAD-flow-scripts/flow/platforms/nangate45/lib/NangateOpenCellLibrary_typical.lib
3. Executing Verilog-2005 frontend: /workspaces/OpenTransformer/rtl/mac.sv
4. Executing Verilog-2005 frontend: /workspaces/OpenTransformer/rtl/pe.sv
5. Executing Verilog-2005 frontend: /workspaces/OpenTransformer/rtl/pe_array_4x4.sv
6. Executing Verilog-2005 frontend: /OpenROAD-flow-scripts/flow/platforms/nangate45/cells_clkgate.v
7. Executing HIERARCHY pass (managing design hierarchy).
8. Executing AST frontend in derive mode using pre-parsed AST for module `\pe_array_4x4'.
Warning: Replacing memory \b_bus with list of registers. See /workspaces/OpenTransformer/rtl/pe_array_4x4.sv:56
Warning: Replacing memory \a_bus with list of registers. See /workspaces/OpenTransformer/rtl/pe_array_4x4.sv:50
8.1. Analyzing design hierarchy..
8.2. Executing AST frontend in derive mode using pre-parsed AST for module `\pe'.
Warning: Replacing memory \acc_bus with list of registers. See /workspaces/OpenTransformer/rtl/pe_array_4x4.sv:82
8.3. Analyzing design hierarchy..
8.4. Analyzing design hierarchy..
8.5. Executing AST frontend in derive mode using pre-parsed AST for module `\mac'.
8.6. Analyzing design hierarchy..
8.7. Analyzing design hierarchy..
9. Executing OPT_CLEAN pass (remove unused cells and wires).
Warning: Ignoring module pe_array_4x4 because it contains processes (run 'proc' command first).
Warning: Ignoring module $paramod$8392c0aee371eac30cfcd917af9a6c37ac869d3e\pe because it contains processes (run 'proc' command first).
Warning: Ignoring module $paramod$8392c0aee371eac30cfcd917af9a6c37ac869d3e\mac because it contains processes (run 'proc' command first).
10. Executing RTLIL backend.
Warnings: 6 unique messages, 8 total
End of script. Logfile hash: a94cf90cf8, time: 0.14s, user: 0.10s, system: 0.03s, MEM: 42.75 MB peak
Yosys 0.68+post (git sha1 UNKNOWN, Release, GNU /usr/local/bin/wrapped-cc/g++ 11.4.0)
Time spent: 70% 4x read_liberty (0 sec), 13% 1x hierarchy (0 sec), ...
Elapsed time: 0:00.15[h:]min:sec. CPU time: user 0.11 sys 0.04 (97%). Peak memory: 46464KB.
Log                       Ext     Elapsed/s Peak Memory/MB sha1sum result [0:20)
1_1_yosys_canonicalize    .rtlil          0             45 eaf6398b83f4e5a95748
/OpenROAD-flow-scripts/flow/scripts/synth.sh /OpenROAD-flow-scripts/flow/scripts/synth.tcl /work/logs/nangate45/opentransformer_pe_array/base/1_2_yosys.log
Using ABC speed script.
Extracting clock period from SDC file: /work/results/nangate45/opentransformer_pe_array/base/clock_period.txt
Setting clock period to 10.000
1. Executing RTLIL frontend.
2. Executing HIERARCHY pass (managing design hierarchy).
2.1. Analyzing design hierarchy..
2.2. Analyzing design hierarchy..
3. Executing SYNTH pass.
3.1. Executing HIERARCHY pass (managing design hierarchy).
3.1.1. Analyzing design hierarchy..
3.1.2. Analyzing design hierarchy..
3.2. Executing PROC pass (convert processes to netlists).
3.2.1. Executing PROC_CLEAN pass (remove empty switches from decision trees).
3.2.2. Executing PROC_RMDEAD pass (remove dead branches from decision trees).
3.2.3. Executing PROC_PRUNE pass (remove redundant assignments in processes).
3.2.4. Executing PROC_INIT pass (extract init attributes).
3.2.5. Executing PROC_ARST pass (detect async resets in processes).
3.2.6. Executing PROC_ROM pass (convert switches to ROMs).
3.2.7. Executing PROC_MUX pass (convert decision trees to multiplexers).
3.2.8. Executing PROC_DLATCH pass (convert process syncs to latches).
3.2.9. Executing PROC_DFF pass (convert process syncs to FFs).
3.2.10. Executing PROC_MEMWR pass (convert process memory writes to cells).
3.2.11. Executing PROC_CLEAN pass (remove empty switches from decision trees).
3.2.12. Executing OPT_EXPR pass (perform const folding).
3.3. Executing CHECK pass (checking for obvious problems).
3.4. Executing FLATTEN pass (flatten design).
3.5. Executing OPT_EXPR pass (perform const folding).
3.6. Executing OPT_CLEAN pass (remove unused cells and wires).
3.7. Executing CHECK pass (checking for obvious problems).
3.8. Executing OPT pass (performing simple optimizations).
3.8.1. Executing OPT_EXPR pass (perform const folding).
3.8.2. Executing OPT_MERGE pass (detect identical cells).
3.8.3. Executing OPT_MUXTREE pass (detect dead branches in mux trees).
3.8.4. Executing OPT_REDUCE pass (consolidate $*mux and $reduce_* inputs).
3.8.5. Executing OPT_MERGE pass (detect identical cells).
3.8.6. Executing OPT_DFF pass (perform DFF optimizations).
3.8.7. Executing OPT_CLEAN pass (remove unused cells and wires).
3.8.8. Executing OPT_EXPR pass (perform const folding).
3.8.9. Finished fast OPT passes. (There is nothing left to do.)
3.9. Executing FSM pass (extract and optimize FSM).
3.9.1. Executing FSM_DETECT pass (finding FSMs in design).
3.9.2. Executing FSM_EXTRACT pass (extracting FSM from design).
3.9.3. Executing FSM_OPT pass (simple optimizations of FSMs).
3.9.4. Executing OPT_CLEAN pass (remove unused cells and wires).
3.9.5. Executing FSM_OPT pass (simple optimizations of FSMs).
3.9.6. Executing FSM_RECODE pass (re-assigning FSM state encoding).
3.9.7. Executing FSM_INFO pass (dumping all available information on FSM cells).
3.9.8. Executing FSM_MAP pass (mapping FSMs to basic logic).
3.10. Executing OPT pass (performing simple optimizations).
3.10.1. Executing OPT_EXPR pass (perform const folding).
3.10.2. Executing OPT_MERGE pass (detect identical cells).
3.10.3. Executing OPT_MUXTREE pass (detect dead branches in mux trees).
3.10.4. Executing OPT_REDUCE pass (consolidate $*mux and $reduce_* inputs).
3.10.5. Executing OPT_MERGE pass (detect identical cells).
3.10.6. Executing OPT_DFF pass (perform DFF optimizations).
3.10.7. Executing OPT_CLEAN pass (remove unused cells and wires).
3.10.8. Executing OPT_EXPR pass (perform const folding).
3.10.9. Rerunning OPT passes. (Maybe there is more to do..)
3.10.10. Executing OPT_MUXTREE pass (detect dead branches in mux trees).
3.10.11. Executing OPT_REDUCE pass (consolidate $*mux and $reduce_* inputs).
3.10.12. Executing OPT_MERGE pass (detect identical cells).
3.10.13. Executing OPT_DFF pass (perform DFF optimizations).
3.10.14. Executing OPT_CLEAN pass (remove unused cells and wires).
3.10.15. Executing OPT_EXPR pass (perform const folding).
3.10.16. Rerunning OPT passes. (Maybe there is more to do..)
3.10.17. Executing OPT_MUXTREE pass (detect dead branches in mux trees).
3.10.18. Executing OPT_REDUCE pass (consolidate $*mux and $reduce_* inputs).
3.10.19. Executing OPT_MERGE pass (detect identical cells).
3.10.20. Executing OPT_DFF pass (perform DFF optimizations).
3.10.21. Executing OPT_CLEAN pass (remove unused cells and wires).
3.10.22. Executing OPT_EXPR pass (perform const folding).
3.10.23. Finished fast OPT passes. (There is nothing left to do.)
3.11. Executing WREDUCE pass (reducing word size of cells).
3.12. Executing PEEPOPT pass (run peephole optimizers).
3.13. Executing OPT_CLEAN pass (remove unused cells and wires).
3.14. Executing ALUMACC pass (create $alu and $macc cells).
3.15. Executing SHARE pass (SAT-based resource sharing).
3.16. Executing OPT pass (performing simple optimizations).
3.16.1. Executing OPT_EXPR pass (perform const folding).
3.16.2. Executing OPT_MERGE pass (detect identical cells).
3.16.3. Executing OPT_MUXTREE pass (detect dead branches in mux trees).
3.16.4. Executing OPT_REDUCE pass (consolidate $*mux and $reduce_* inputs).
3.16.5. Executing OPT_MERGE pass (detect identical cells).
3.16.6. Executing OPT_DFF pass (perform DFF optimizations).
3.16.7. Executing OPT_CLEAN pass (remove unused cells and wires).
3.16.8. Executing OPT_EXPR pass (perform const folding).
3.16.9. Rerunning OPT passes. (Maybe there is more to do..)
3.16.10. Executing OPT_MUXTREE pass (detect dead branches in mux trees).
3.16.11. Executing OPT_REDUCE pass (consolidate $*mux and $reduce_* inputs).
3.16.12. Executing OPT_MERGE pass (detect identical cells).
3.16.13. Executing OPT_DFF pass (perform DFF optimizations).
3.16.14. Executing OPT_CLEAN pass (remove unused cells and wires).
3.16.15. Executing OPT_EXPR pass (perform const folding).
3.16.16. Finished fast OPT passes. (There is nothing left to do.)
3.17. Executing MEMORY pass.
3.17.1. Executing OPT_MEM pass (optimize memories).
3.17.2. Executing OPT_MEM_PRIORITY pass (removing unnecessary memory write priority relations).
3.17.3. Executing OPT_MEM_FEEDBACK pass (finding memory read-to-write feedback paths).
3.17.4. Executing MEMORY_BMUX2ROM pass (converting muxes to ROMs).
3.17.5. Executing MEMORY_DFF pass (merging $dff cells to $memrd).
3.17.6. Executing OPT_CLEAN pass (remove unused cells and wires).
3.17.7. Executing MEMORY_SHARE pass (consolidating $memrd/$memwr cells).
3.17.8. Executing OPT_MEM_WIDEN pass (optimize memories where all ports are wide).
3.17.9. Executing OPT_CLEAN pass (remove unused cells and wires).
3.17.10. Executing MEMORY_COLLECT pass (generating $mem cells).
3.18. Executing OPT_CLEAN pass (remove unused cells and wires).
4. Executing SYNTH pass.
4.1. Executing OPT pass (performing simple optimizations).
4.1.1. Executing OPT_EXPR pass (perform const folding).
4.1.2. Executing OPT_MERGE pass (detect identical cells).
4.1.3. Executing OPT_DFF pass (perform DFF optimizations).
4.1.4. Executing OPT_CLEAN pass (remove unused cells and wires).
4.1.5. Finished fast OPT passes.
4.2. Executing MEMORY_MAP pass (converting memories to logic and flip-flops).
4.3. Executing OPT pass (performing simple optimizations).
4.3.1. Executing OPT_EXPR pass (perform const folding).
4.3.2. Executing OPT_MERGE pass (detect identical cells).
4.3.3. Executing OPT_MUXTREE pass (detect dead branches in mux trees).
4.3.4. Executing OPT_REDUCE pass (consolidate $*mux and $reduce_* inputs).
4.3.5. Executing OPT_MERGE pass (detect identical cells).
4.3.6. Executing OPT_SHARE pass.
4.3.7. Executing OPT_DFF pass (perform DFF optimizations).
4.3.8. Executing OPT_CLEAN pass (remove unused cells and wires).
4.3.9. Executing OPT_EXPR pass (perform const folding).
4.3.10. Finished fast OPT passes. (There is nothing left to do.)
4.4. Executing TECHMAP pass (map to technology primitives).
4.4.1. Executing Verilog-2005 frontend: /OpenROAD-flow-scripts/tools/install/yosys/bin/../share/yosys/techmap.v
4.4.2. Executing Verilog-2005 frontend: /OpenROAD-flow-scripts/flow/platforms/common/lcu_kogge_stone.v
4.4.3. Continuing TECHMAP pass.
4.5. Executing OPT pass (performing simple optimizations).
4.5.1. Executing OPT_EXPR pass (perform const folding).
4.5.2. Executing OPT_MERGE pass (detect identical cells).
4.5.3. Executing OPT_DFF pass (perform DFF optimizations).
4.5.4. Executing OPT_CLEAN pass (remove unused cells and wires).
4.5.5. Finished fast OPT passes.
4.6. Executing HIERARCHY pass (managing design hierarchy).
4.6.1. Analyzing design hierarchy..
4.6.2. Analyzing design hierarchy..
4.7. Printing statistics.
4.8. Executing CHECK pass (checking for obvious problems).
5. Executing OPT pass (performing simple optimizations).
5.1. Executing OPT_EXPR pass (perform const folding).
5.2. Executing OPT_MERGE pass (detect identical cells).
5.3. Executing OPT_MUXTREE pass (detect dead branches in mux trees).
5.4. Executing OPT_REDUCE pass (consolidate $*mux and $reduce_* inputs).
5.5. Executing OPT_MERGE pass (detect identical cells).
5.6. Executing OPT_DFF pass (perform DFF optimizations).
5.7. Executing OPT_CLEAN pass (remove unused cells and wires).
5.8. Executing OPT_EXPR pass (perform const folding).
5.9. Rerunning OPT passes. (Maybe there is more to do..)
5.10. Executing OPT_MUXTREE pass (detect dead branches in mux trees).
5.11. Executing OPT_REDUCE pass (consolidate $*mux and $reduce_* inputs).
5.12. Executing OPT_MERGE pass (detect identical cells).
5.13. Executing OPT_DFF pass (perform DFF optimizations).
5.14. Executing OPT_CLEAN pass (remove unused cells and wires).
5.15. Executing OPT_EXPR pass (perform const folding).
5.16. Finished fast OPT passes. (There is nothing left to do.)
6. Executing EXTRACT_FA pass (find and extract full/half adders).
7. Executing TECHMAP pass (map to technology primitives).
7.1. Executing Verilog-2005 frontend: /OpenROAD-flow-scripts/flow/platforms/nangate45/cells_adders.v
7.2. Continuing TECHMAP pass.
8. Executing TECHMAP pass (map to technology primitives).
8.1. Executing Verilog-2005 frontend: /OpenROAD-flow-scripts/tools/install/yosys/bin/../share/yosys/techmap.v
8.2. Continuing TECHMAP pass.
9. Executing OPT pass (performing simple optimizations).
9.1. Executing OPT_EXPR pass (perform const folding).
9.2. Executing OPT_MERGE pass (detect identical cells).
9.3. Executing OPT_DFF pass (perform DFF optimizations).
9.4. Executing OPT_CLEAN pass (remove unused cells and wires).
9.5. Finished fast OPT passes.
10. Executing DFFLEGALIZE pass (convert FFs to types supported by the target).
11. Executing TECHMAP pass (map to technology primitives).
11.1. Executing Verilog-2005 frontend: /OpenROAD-flow-scripts/flow/platforms/nangate45/cells_latch.v
11.2. Continuing TECHMAP pass.
12. Executing DFFLIBMAP pass (mapping DFF cells to sequential cells from liberty file).
12.1. Executing DFFLEGALIZE pass (convert FFs to types supported by the target).
13. Executing OPT pass (performing simple optimizations).
13.1. Executing OPT_EXPR pass (perform const folding).
13.2. Executing OPT_MERGE pass (detect identical cells).
13.3. Executing OPT_MUXTREE pass (detect dead branches in mux trees).
13.4. Executing OPT_REDUCE pass (consolidate $*mux and $reduce_* inputs).
13.5. Executing OPT_MERGE pass (detect identical cells).
13.6. Executing OPT_DFF pass (perform DFF optimizations).
13.7. Executing OPT_CLEAN pass (remove unused cells and wires).
13.8. Executing OPT_EXPR pass (perform const folding).
13.9. Finished fast OPT passes. (There is nothing left to do.)
14. Executing SETUNDEF pass (replace undef values with defined constants).
abc -script /OpenROAD-flow-scripts/flow/scripts/abc_speed.script -liberty /OpenROAD-flow-scripts/flow/platforms/nangate45/lib/NangateOpenCellLibrary_typical.lib -dont_use TAPCELL_X1 -dont_use FILLCELL_X1 -dont_use AOI211_X1 -dont_use OAI211_X1 -constr /work/objects/nangate45/opentransformer_pe_array/base/abc.constr -D 10.0
15. Executing ABC pass (technology mapping using ABC).
15.1. Extracting gate netlist of module `\pe_array_4x4' to `<abc-temp-dir>/input.blif'..
15.1.1. Executed ABC.
15.1.2. Re-integrating ABC results.
16. Executing SPLITNETS pass (splitting up multi-bit signals).
17. Executing OPT_CLEAN pass (remove unused cells and wires).
18. Executing HILOMAP pass (mapping to constant drivers).
19. Executing INSBUF pass (insert buffer cells for connected wires).
20. Executing CHECK pass (checking for obvious problems).
21. Printing statistics.
22. Executing CHECK pass (checking for obvious problems).
23. Executing Verilog backend.
23.1. Executing BMUXMAP pass.
23.2. Executing DEMUXMAP pass.
End of script. Logfile hash: d43362d7cc, time: 8.21s, user: 4.15s, system: 0.21s, MEM: 91.48 MB peak
Yosys 0.68+post (git sha1 UNKNOWN, Release, GNU /usr/local/bin/wrapped-cc/g++ 11.4.0)
Time spent: 48% 1x abc (3 sec), 21% 1x extract_fa (1 sec), ...
Elapsed time: 0:08.24[h:]min:sec. CPU time: user 8.10 sys 0.27 (101%). Peak memory: 93680KB.
Log                       Ext     Elapsed/s Peak Memory/MB sha1sum result [0:20)
1_2_yosys                 .v              8             91 b77ef97afeca479667c0
cp /workspaces/OpenTransformer/openroad/pe_array_constraint.sdc /work/results/nangate45/opentransformer_pe_array/base/1_2_yosys.sdc
touch -r /workspaces/OpenTransformer/openroad/pe_array_constraint.sdc /work/results/nangate45/opentransformer_pe_array/base/1_2_yosys.sdc
OpenROAD 26Q3-1867-g84e3ff1eb2 
Features included (+) or not (-): +GPU +GUI +Python
This program is licensed under the BSD-3 license. See the LICENSE file for details.
Components of this program may be licensed under more restrictive licenses which must be honored.
[INFO ORD-0030] Using 4 thread(s).
mkdir -p /work/objects/nangate45/opentransformer_pe_array/base
/OpenROAD-flow-scripts/flow/scripts/flow.sh 1_synth synth_odb
Running synth_odb.tcl, stage 1_synth
read_liberty /OpenROAD-flow-scripts/flow/platforms/nangate45/lib/NangateOpenCellLibrary_typical.lib
[INFO ODB-0227] LEF file: /OpenROAD-flow-scripts/flow/platforms/nangate45/lef/NangateOpenCellLibrary.tech.lef, created 22 layers, 27 vias
[INFO ODB-0227] LEF file: /OpenROAD-flow-scripts/flow/platforms/nangate45/lef/NangateOpenCellLibrary.macro.mod.lef, created 135 library cells
link_design pe_array_4x4
read_sdc /work/results/nangate45/opentransformer_pe_array/base/1_2_yosys.sdc
source /OpenROAD-flow-scripts/flow/platforms/nangate45/setRC.tcl
eliminate_dead_logic
Removed 0 unused instances and 0 unused nets.
Design area 14372 um^2 100% utilization.
write_db /work/results/nangate45/opentransformer_pe_array/base/1_synth.odb
write_sdc -no_timestamp /work/results/nangate45/opentransformer_pe_array/base/1_synth.sdc
Elapsed time: 0:00.57[h:]min:sec. CPU time: user 0.50 sys 0.07 (99%). Peak memory: 133432KB.
Log                       Ext     Elapsed/s Peak Memory/MB sha1sum result [0:20)
1_synth                   .odb            0            130 7177e1e66eb3010d2486
1_synth                   .sdc                             8910ce6ad50d5c7fc984
/OpenROAD-flow-scripts/flow/scripts/flow.sh 2_1_floorplan floorplan
Running floorplan.tcl, stage 2_1_floorplan
read_liberty /OpenROAD-flow-scripts/flow/platforms/nangate45/lib/NangateOpenCellLibrary_typical.lib
read_db /work/results/nangate45/opentransformer_pe_array/base/1_synth.odb
read_sdc /work/results/nangate45/opentransformer_pe_array/base/1_synth.sdc
source /OpenROAD-flow-scripts/flow/platforms/nangate45/setRC.tcl

==========================================================================
Floorplan check_setup
--------------------------------------------------------------------------
Warning: There are 67 input ports missing set_input_delay.
Warning: There are 512 output ports missing set_output_delay.
Warning: There are 512 unconstrained endpoints.
number instances in verilog is 7261
initialize_floorplan -utilization 30 -aspect_ratio 1.0 -core_space 1.0 -site FreePDK45_38x28_10R_NP_162NW_34O
[INFO IFP-0107] Defining die area using utilization: 30.00% and aspect ratio: 1.
[WARNING IFP-0028] Core area lower left (1.000, 1.000) snapped to (1.140, 1.400).
[INFO IFP-0001] Added 156 rows of 1151 site FreePDK45_38x28_10R_NP_162NW_34O.
[INFO IFP-0100] Die BBox:  (  0.000  0.000 ) ( 220.880 220.880 ) um
[INFO IFP-0101] Core BBox: (  1.140  1.400 ) ( 219.830 219.800 ) um
[INFO IFP-0102] Core area:                        47761.896 um^2
[INFO IFP-0103] Total instances area:             14372.246 um^2
[INFO IFP-0104] Effective utilization:                0.301
[INFO IFP-0105] Number of instances:                   7261
source /OpenROAD-flow-scripts/flow/platforms/nangate45/make_tracks.tcl
source /OpenROAD-flow-scripts/flow/platforms/nangate45/fastroute.tcl
set_dont_use "TAPCELL_X1 FILLCELL_X1 AOI211_X1 OAI211_X1"
repair_tie_fanout -separation 0 NangateOpenCellLibrary/LOGIC0_X1/Z
repair_tie_fanout -separation 0 NangateOpenCellLibrary/LOGIC1_X1/Z
repair_timing -setup_margin 0 -hold_margin 0 -repair_tns 100 -setup -skip_last_gasp -sequence unbuffer,sizeup,swap,vt_swap -verbose
[WARNING EST-0027] no estimated parasitics. Using wire load models.
[INFO RSZ-0100] Repair move sequence: UnbufferMove SizeUpMove SwapPinsMove 
[INFO RSZ-0098] No setup violations found
[INFO RSZ-0505] Runtime: 0.07s
Default units for flow
 time 1ns
 capacitance 1fF
 resistance 1kohm
 voltage 1v
 current 1mA
 power 1nW
 distance 1um
   Layer   | Unit Resistance | Unit Capacitance 
           |       (kohm/um) |          (fF/um)
------------------------------------------------
    metal1 |        5.43e-03 |         7.42e-02
    metal2 |        3.57e-03 |         8.34e-02
    metal3 |        3.57e-03 |         1.04e-01
    metal4 |        1.50e-03 |         1.19e-01
    metal5 |        1.50e-03 |         1.09e-01
    metal6 |        1.50e-03 |         1.14e-01
    metal7 |        1.88e-04 |         1.17e-01
    metal8 |        1.88e-04 |         9.45e-02
    metal9 |        3.75e-05 |         1.06e-01
   metal10 |        3.75e-05 |         7.37e-01
------------------------------------------------

   Layer   | Via Resistance 
           |         (kohm) 
----------------------------
      via1 |       5.00e-03 
      via2 |       5.00e-03 
      via3 |       5.00e-03 
      via4 |       3.00e-03 
      via5 |       3.00e-03 
      via6 |       3.00e-03 
      via7 |       1.00e-03 
      via8 |       1.00e-03 
      via9 |       5.00e-04 
----------------------------
Report metrics stage 2, floorplan final...

==========================================================================
floorplan final report_design_area
--------------------------------------------------------------------------
Design area 14372 um^2 30% utilization.
write_db /work/results/nangate45/opentransformer_pe_array/base/2_1_floorplan.odb
write_sdc -no_timestamp /work/results/nangate45/opentransformer_pe_array/base/2_1_floorplan.sdc
Elapsed time: 0:01.68[h:]min:sec. CPU time: user 1.79 sys 0.11 (113%). Peak memory: 163644KB.
Log                       Ext     Elapsed/s Peak Memory/MB sha1sum result [0:20)
2_1_floorplan             .odb            1            159 9ab445c44169c98cf593
2_1_floorplan             .sdc                             8910ce6ad50d5c7fc984
/OpenROAD-flow-scripts/flow/scripts/flow.sh 2_2_floorplan_macro macro_place
Running macro_place.tcl, stage 2_2_floorplan_macro
read_liberty /OpenROAD-flow-scripts/flow/platforms/nangate45/lib/NangateOpenCellLibrary_typical.lib
read_db /work/results/nangate45/opentransformer_pe_array/base/2_1_floorplan.odb
read_sdc /work/results/nangate45/opentransformer_pe_array/base/2_1_floorplan.sdc
source /OpenROAD-flow-scripts/flow/platforms/nangate45/setRC.tcl
No macros found: Skipping macro_placement
Design area 14372 um^2 30% utilization.
write_db /work/results/nangate45/opentransformer_pe_array/base/2_2_floorplan_macro.odb
Elapsed time: 0:00.39[h:]min:sec. CPU time: user 0.33 sys 0.06 (99%). Peak memory: 125172KB.
Log                       Ext     Elapsed/s Peak Memory/MB sha1sum result [0:20)
2_2_floorplan_macro       .odb            0            122 9ab445c44169c98cf593
/OpenROAD-flow-scripts/flow/scripts/flow.sh 2_3_floorplan_tapcell tapcell
Running tapcell.tcl, stage 2_3_floorplan_tapcell
read_liberty /OpenROAD-flow-scripts/flow/platforms/nangate45/lib/NangateOpenCellLibrary_typical.lib
read_db /work/results/nangate45/opentransformer_pe_array/base/2_2_floorplan_macro.odb
read_sdc /work/results/nangate45/opentransformer_pe_array/base/2_1_floorplan.sdc
source /OpenROAD-flow-scripts/flow/platforms/nangate45/setRC.tcl
[INFO TAP-0004] Inserted 312 endcaps.
[INFO TAP-0005] Inserted 79 tapcells.
Design area 14476 um^2 30% utilization.
write_db /work/results/nangate45/opentransformer_pe_array/base/2_3_floorplan_tapcell.odb
Elapsed time: 0:00.38[h:]min:sec. CPU time: user 0.32 sys 0.06 (99%). Peak memory: 122312KB.
Log                       Ext     Elapsed/s Peak Memory/MB sha1sum result [0:20)
2_3_floorplan_tapcell     .odb            0            119 642c0ec4788fa41dcd6f
/OpenROAD-flow-scripts/flow/scripts/flow.sh 2_4_floorplan_pdn pdn
Running pdn.tcl, stage 2_4_floorplan_pdn
read_liberty /OpenROAD-flow-scripts/flow/platforms/nangate45/lib/NangateOpenCellLibrary_typical.lib
read_db /work/results/nangate45/opentransformer_pe_array/base/2_3_floorplan_tapcell.odb
read_sdc /work/results/nangate45/opentransformer_pe_array/base/2_1_floorplan.sdc
source /OpenROAD-flow-scripts/flow/platforms/nangate45/setRC.tcl
[WARNING PDN-1051] No instances found for grid (CORE_macro_grid_1).
[WARNING PDN-1051] No instances found for grid (CORE_macro_grid_2).
[INFO PDN-0001] Inserting grid: grid
[INFO PDN-0500] Runtime: 0.01s
Design area 14476 um^2 30% utilization.
write_db /work/results/nangate45/opentransformer_pe_array/base/2_4_floorplan_pdn.odb
Elapsed time: 0:00.46[h:]min:sec. CPU time: user 0.39 sys 0.07 (99%). Peak memory: 132084KB.
Log                       Ext     Elapsed/s Peak Memory/MB sha1sum result [0:20)
2_4_floorplan_pdn         .odb            0            128 d448a0159f6b3bcfe3f6
cp /work/results/nangate45/opentransformer_pe_array/base/2_4_floorplan_pdn.odb /work/results/nangate45/opentransformer_pe_array/base/2_floorplan.odb
cp /work/results/nangate45/opentransformer_pe_array/base/2_1_floorplan.sdc /work/results/nangate45/opentransformer_pe_array/base/2_floorplan.sdc
/OpenROAD-flow-scripts/flow/scripts/flow.sh 3_1_place_gp_skip_io global_place_skip_io
Running global_place_skip_io.tcl, stage 3_1_place_gp_skip_io
read_liberty /OpenROAD-flow-scripts/flow/platforms/nangate45/lib/NangateOpenCellLibrary_typical.lib
read_db /work/results/nangate45/opentransformer_pe_array/base/2_floorplan.odb
read_sdc /work/results/nangate45/opentransformer_pe_array/base/2_floorplan.sdc
source /OpenROAD-flow-scripts/flow/platforms/nangate45/setRC.tcl
global_placement -skip_io -density 0.35 -pad_left 0 -pad_right 0
[INFO GPL-0001] ---- Initialize GPL Main Data Structures
[INFO GPL-0002] DBU: 2000
[INFO GPL-0003] SiteSize: (  0.190  1.400 ) um
[INFO GPL-0004] CoreBBox: (  1.140  1.400 ) ( 219.830 219.800 ) um
[INFO GPL-0016] Core area:                   47761.896 um^2
[INFO GPL-0036] Movable instances area:      14372.246 um^2
[INFO GPL-0037] Total instances area:        14476.252 um^2
[INFO GPL-0035] Pin density area adjust:       845.900 um^2
[INFO GPL-0032] ---- Initialize Region: Top-level
[INFO GPL-0006] Number of instances:              7652
[INFO GPL-0007] Movable instances:                7261
[INFO GPL-0008] Fixed instances:                   391
[INFO GPL-0009] Dummy instances:                     0
[INFO GPL-0010] Number of nets:                   9489
[INFO GPL-0011] Number of pins:                  26676
[INFO GPL-0012] Die BBox:       (  0.000  0.000 ) ( 220.880 220.880 ) um
[INFO GPL-0013] Placement BBox: (  1.140  1.400 ) ( 219.830 219.800 ) um
[INFO GPL-0014] Region name: top-level.
[INFO GPL-0015] Region area:                 47761.896 um^2
[INFO GPL-0017] Fixed instances area:          104.006 um^2
[INFO GPL-0018] Movable instances area:      15218.146 um^2
[INFO GPL-0019] Utilization:                    31.932 %
[INFO GPL-0020] Standard cells area:         15218.146 um^2
[INFO GPL-0021] Large instances area:            0.000 um^2
[INFO GPL-0005] ---- Execute Conjugate Gradient Initial Placement.
[INFO GPL-0051] Source of initial instance position counters:
	Odb location = 0	Core center = 7261	Region center = 0
[INFO GPL-0033] ---- Initialize Nesterov Region: Top-level
[INFO GPL-0023] Placement target density:       0.3500
[INFO GPL-0024] Movable insts average area:      2.096 um^2
[INFO GPL-0025] Ideal bin area:                  5.988 um^2
[INFO GPL-0026] Ideal bin count:                  7975
[INFO GPL-0027] Total bin area:              47761.896 um^2
[INFO GPL-0028] Bin count (X, Y):          64 ,     64
[INFO GPL-0029] Bin size (W * H):       3.417 *  3.413 um
[INFO GPL-0030] Number of bins:                   4096
[INFO GPL-0084] ---- Execute Nesterov Global Placement.
[INFO GPL-0031] HPWL: Half-Perimeter Wirelength
Iteration | Overflow |     HPWL (um) |  HPWL(%) |   Penalty | Group
---------------------------------------------------------------
        0 |   0.9988 |  8.834239e+03 |   +0.00% |  2.42e-15 |      
       10 |   0.9981 |  7.093646e+03 |  -19.70% |  3.94e-15 |      
       20 |   0.9978 |  7.079054e+03 |   -0.21% |  6.42e-15 |      
       30 |   0.9978 |  7.071751e+03 |   -0.10% |  1.05e-14 |      
       40 |   0.9978 |  7.072933e+03 |   +0.02% |  1.70e-14 |      
       50 |   0.9978 |  7.071840e+03 |   -0.02% |  2.78e-14 |      
       60 |   0.9978 |  7.073857e+03 |   +0.03% |  4.52e-14 |      
       70 |   0.9978 |  7.081998e+03 |   +0.12% |  7.36e-14 |      
       80 |   0.9978 |  7.096282e+03 |   +0.20% |  1.20e-13 |      
       90 |   0.9978 |  7.125883e+03 |   +0.42% |  1.95e-13 |      
      100 |   0.9978 |  7.207456e+03 |   +1.14% |  3.18e-13 |      
      110 |   0.9978 |  7.501406e+03 |   +4.08% |  5.18e-13 |      
      120 |   0.9944 |  8.714386e+03 |  +16.17% |  8.44e-13 |      
      130 |   0.9908 |  1.176307e+04 |  +34.98% |  1.37e-12 |      
      140 |   0.9834 |  1.545682e+04 |  +31.40% |  2.24e-12 |      
      150 |   0.9739 |  1.848344e+04 |  +19.58% |  3.64e-12 |      
      160 |   0.9642 |  2.082129e+04 |  +12.65% |  5.93e-12 |      
      170 |   0.9532 |  2.356446e+04 |  +13.17% |  9.65e-12 |      
      180 |   0.9339 |  2.777139e+04 |  +17.85% |  1.57e-11 |      
      190 |   0.9052 |  3.289317e+04 |  +18.44% |  2.56e-11 |      
      200 |   0.8762 |  3.773496e+04 |  +14.72% |  4.16e-11 |      
      210 |   0.8451 |  4.220445e+04 |  +11.84% |  6.77e-11 |      
      220 |   0.8106 |  4.704221e+04 |  +11.46% |  1.10e-10 |      
      230 |   0.7716 |  5.241400e+04 |  +11.42% |  1.79e-10 |      
      240 |   0.7287 |  5.780197e+04 |  +10.28% |  2.91e-10 |      
      250 |   0.6889 |  6.287330e+04 |   +8.77% |  4.74e-10 |      
      260 |   0.6419 |  6.708555e+04 |   +6.70% |  7.72e-10 |      
      270 |   0.5997 |  7.074671e+04 |   +5.46% |  1.26e-09 |      
      280 |   0.5548 |  7.390545e+04 |   +4.46% |  2.04e-09 |      
      290 |   0.5160 |  7.690912e+04 |   +4.06% |  3.33e-09 |      
      300 |   0.4792 |  7.804898e+04 |   +1.48% |  5.42e-09 |      
      310 |   0.4400 |  7.788669e+04 |   -0.21% |  8.83e-09 |      
      320 |   0.3997 |  7.891650e+04 |   +1.32% |  1.44e-08 |      
      330 |   0.3572 |  7.949553e+04 |   +0.73% |  2.34e-08 |      
      340 |   0.3186 |  7.961160e+04 |   +0.15% |  3.55e-08 |      
      350 |   0.2803 |  8.023685e+04 |   +0.79% |  5.24e-08 |      
      360 |   0.2487 |  8.057730e+04 |   +0.42% |  7.71e-08 |      
      370 |   0.2184 |  8.111265e+04 |   +0.66% |  1.14e-07 |      
      380 |   0.1870 |  8.152846e+04 |   +0.51% |  1.67e-07 |      
      390 |   0.1597 |  8.189200e+04 |   +0.45% |  2.46e-07 |      
      400 |   0.1384 |  8.229115e+04 |   +0.49% |  3.63e-07 |      
      410 |   0.1187 |  8.258856e+04 |   +0.36% |  5.35e-07 |      
      420 |   0.0990 |  8.279908e+04 |   +0.25% |  7.88e-07 |      
      420 |   0.0990 |  8.279908e+04 |          |  8.19e-07 |      
---------------------------------------------------------------
[INFO GPL-1001] Global placement finished at iteration 420
[INFO GPL-1002] Placed Cell Area            15218.1458
[INFO GPL-1003] Available Free Area         47657.8900
[INFO GPL-1004] Minimum Feasible Density        0.3200 (cell_area / free_area)
[INFO GPL-1006]   Suggested Target Densities:
[INFO GPL-1007]     - For 90% usage of free space: 0.3548
[INFO GPL-1008]     - For 80% usage of free space: 0.3992
[INFO GPL-1009]     - For 50% usage of free space: 0.6386
[INFO GPL-1014] Final placement area: 15218.15 (+0.00%)
[INFO GPL-1018] Final HPWL (um): 83144.10
Design area 14476 um^2 30% utilization.
write_db /work/results/nangate45/opentransformer_pe_array/base/3_1_place_gp_skip_io.odb
Elapsed time: 0:02.36[h:]min:sec. CPU time: user 6.83 sys 0.08 (293%). Peak memory: 133060KB.
Log                       Ext     Elapsed/s Peak Memory/MB sha1sum result [0:20)
3_1_place_gp_skip_io      .odb            2            129 d80da46f19ca4eabac76
/OpenROAD-flow-scripts/flow/scripts/flow.sh 3_2_place_iop io_placement
Running io_placement.tcl, stage 3_2_place_iop
read_liberty /OpenROAD-flow-scripts/flow/platforms/nangate45/lib/NangateOpenCellLibrary_typical.lib
read_db /work/results/nangate45/opentransformer_pe_array/base/3_1_place_gp_skip_io.odb
read_sdc /work/results/nangate45/opentransformer_pe_array/base/2_floorplan.sdc
source /OpenROAD-flow-scripts/flow/platforms/nangate45/setRC.tcl
place_pins -hor_layers metal5 -ver_layers metal6
Found 0 macro blocks.
Using 2 tracks default min distance between IO pins.
[INFO PPL-0001] Number of available slots 1564
[INFO PPL-0002] Number of I/O             580
[INFO PPL-0003] Number of I/O w/sink      580
[INFO PPL-0004] Number of I/O w/o sink    0
[INFO PPL-0005] Slots per section         200
[INFO PPL-0008] Successfully assigned pins to sections.
[INFO PPL-0012] I/O nets HPWL: 28564.38 um.
Design area 14476 um^2 30% utilization.
write_db /work/results/nangate45/opentransformer_pe_array/base/3_2_place_iop.odb
Elapsed time: 0:00.41[h:]min:sec. CPU time: user 0.34 sys 0.07 (99%). Peak memory: 127108KB.
Log                       Ext     Elapsed/s Peak Memory/MB sha1sum result [0:20)
3_2_place_iop             .odb            0            124 dbf48a6030e2d082026c
/OpenROAD-flow-scripts/flow/scripts/flow.sh 3_3_place_gp global_place
Running global_place.tcl, stage 3_3_place_gp
read_liberty /OpenROAD-flow-scripts/flow/platforms/nangate45/lib/NangateOpenCellLibrary_typical.lib
read_db /work/results/nangate45/opentransformer_pe_array/base/3_2_place_iop.odb
read_sdc /work/results/nangate45/opentransformer_pe_array/base/2_floorplan.sdc
source /OpenROAD-flow-scripts/flow/platforms/nangate45/setRC.tcl
[INFO RSZ-0026] Removed 628 buffers.
Perform port buffering...
[INFO RSZ-0027] Inserted 67 BUF_X1 input buffers.
[INFO RSZ-0028] Inserted 512 BUF_X1 output buffers.
global_placement -density 0.35 -pad_left 0 -pad_right 0 -routability_driven -timing_driven -force_center_initial_place -min_phi_coef 0.95 -max_phi_coef 1.05
[INFO GPL-0001] ---- Initialize GPL Main Data Structures
[INFO GPL-0002] DBU: 2000
[INFO GPL-0003] SiteSize: (  0.190  1.400 ) um
[INFO GPL-0004] CoreBBox: (  1.140  1.400 ) ( 219.830 219.800 ) um
[INFO GPL-0016] Core area:                   47761.896 um^2
[INFO GPL-0036] Movable instances area:      14317.982 um^2
[INFO GPL-0037] Total instances area:        14421.988 um^2
[INFO GPL-0035] Pin density area adjust:       845.900 um^2
[INFO GPL-0032] ---- Initialize Region: Top-level
[INFO GPL-0006] Number of instances:              7603
[INFO GPL-0007] Movable instances:                7212
[INFO GPL-0008] Fixed instances:                   391
[INFO GPL-0009] Dummy instances:                     0
[INFO GPL-0010] Number of nets:                   9440
[INFO GPL-0011] Number of pins:                  27158
[INFO GPL-0012] Die BBox:       (  0.000  0.000 ) ( 220.880 220.880 ) um
[INFO GPL-0013] Placement BBox: (  1.140  1.400 ) ( 219.830 219.800 ) um
[INFO GPL-0014] Region name: top-level.
[INFO GPL-0015] Region area:                 47761.896 um^2
[INFO GPL-0017] Fixed instances area:          104.006 um^2
[INFO GPL-0018] Movable instances area:      15163.882 um^2
[INFO GPL-0019] Utilization:                    31.818 %
[INFO GPL-0020] Standard cells area:         15163.882 um^2
[INFO GPL-0021] Large instances area:            0.000 um^2
[INFO GPL-0005] ---- Execute Conjugate Gradient Initial Placement.
[INFO GPL-0051] Source of initial instance position counters:
	Odb location = 0	Core center = 7212	Region center = 0
[InitialPlace]  Iter: 1 conjugate gradient residual: 0.00059184 HPWL: 232293542
[InitialPlace]  Iter: 2 conjugate gradient residual: 0.00026406 HPWL: 233714624
[InitialPlace]  Iter: 3 conjugate gradient residual: 0.00033334 HPWL: 223067458
[InitialPlace]  Iter: 4 conjugate gradient residual: 0.00032936 HPWL: 206368218
[InitialPlace]  Iter: 5 conjugate gradient residual: 0.00019865 HPWL: 192040618
[InitialPlace]  Iter: 6 conjugate gradient residual: 0.00010421 HPWL: 183891020
[InitialPlace]  Iter: 7 conjugate gradient residual: 0.00005963 HPWL: 178990708
[InitialPlace]  Iter: 8 conjugate gradient residual: 0.00006361 HPWL: 175903245
[InitialPlace]  Iter: 9 conjugate gradient residual: 0.00001457 HPWL: 173861261
[InitialPlace]  Iter: 10 conjugate gradient residual: 0.00000906 HPWL: 172569576
[INFO GPL-0033] ---- Initialize Nesterov Region: Top-level
[INFO GPL-0023] Placement target density:       0.3500
[INFO GPL-0024] Movable insts average area:      2.103 um^2
[INFO GPL-0025] Ideal bin area:                  6.007 um^2
[INFO GPL-0026] Ideal bin count:                  7950
[INFO GPL-0027] Total bin area:              47761.896 um^2
[INFO GPL-0028] Bin count (X, Y):          64 ,     64
[INFO GPL-0029] Bin size (W * H):       3.417 *  3.413 um
[INFO GPL-0030] Number of bins:                   4096
[INFO GPL-0084] ---- Execute Nesterov Global Placement.
[INFO GPL-0031] HPWL: Half-Perimeter Wirelength
Iteration | Overflow |     HPWL (um) |  HPWL(%) |   Penalty | Group
---------------------------------------------------------------
        0 |   0.8188 |  6.321828e+04 |   +0.00% |  6.26e-14 |      
       10 |   0.6756 |  7.587842e+04 |  +20.03% |  1.02e-13 |      
[INFO GPL-0100] Timing-driven iteration 1/2, virtual: false.
[INFO GPL-0101]    Iter: 17, overflow: 0.632, keep resizer changes at: 1, HPWL: 154986553
Iteration |   Area    | Resized | Buffers | Nets repaired | Remaining
---------------------------------------------------------------------
        0 |     +0.0% |       0 |       0 |             0 |      9440
    final |     +0.5% |       9 |      33 |            10 |         0
---------------------------------------------------------------------
[INFO RSZ-0034] Found 9 slew violations.
[INFO RSZ-0036] Found 10 capacitance violations.
[INFO RSZ-0039] Resized 9 instances.
[INFO RSZ-0038] Inserted 33 buffers in 10 nets.
   Iter   |    Area   | Removed | Inserted |   Pins
          |           | Buffers | Buffers  | Remaining
-------------------------------------------------------
        0 |     +0.0% |       0 |        0 |      9372
      930 |     +0.0% |       0 |        0 |      8442
     1860 |     -0.0% |       2 |        0 |      7512
     2790 |     -0.0% |       2 |        0 |      6582
     3720 |     -0.0% |       2 |        0 |      5652
     4650 |     -0.0% |       2 |        0 |      4722
     5580 |     -0.0% |       2 |        0 |      3792
     6510 |     -0.0% |       4 |        2 |      2862
     7440 |     -0.0% |       4 |        2 |      1932
     8370 |     -0.1% |      13 |        8 |      1002
     9300 |     -0.1% |      13 |        8 |        72
    final |     -0.1% |      33 |       26 |         0
-------------------------------------------------------
[INFO GPL-0106] Timing-driven: worst slack 8.830585e-09
[INFO GPL-0107] Timing-driven: repair_design delta area: 48.052 um^2 (+0.32%)
[INFO GPL-0108] Timing-driven: repair_design, gpl delta gcells: 26 (+0.36%)
[INFO GPL-0109] Timing-driven: repair_design, gcells created: 59, deleted: 33
[INFO GPL-0110] Timing-driven: new target density: 0.35100827
Iteration | Overflow |     HPWL (um) |  HPWL(%) |   Penalty | Group
---------------------------------------------------------------
       20 |   0.6181 |  8.379594e+04 |  +10.43% |  1.65e-13 |      
       30 |   0.6010 |  8.369066e+04 |   -0.13% |  2.69e-13 |      
       40 |   0.6080 |  8.349269e+04 |   -0.24% |  4.38e-13 |      
       50 |   0.6155 |  8.367404e+04 |   +0.22% |  7.13e-13 |      
       60 |   0.6208 |  8.410426e+04 |   +0.51% |  1.16e-12 |      
       70 |   0.6212 |  8.468217e+04 |   +0.69% |  1.89e-12 |      
       80 |   0.6218 |  8.497074e+04 |   +0.34% |  3.08e-12 |      
       90 |   0.6227 |  8.506037e+04 |   +0.11% |  5.02e-12 |      
      100 |   0.6234 |  8.517428e+04 |   +0.13% |  8.18e-12 |      
      110 |   0.6233 |  8.531462e+04 |   +0.16% |  1.33e-11 |      
      120 |   0.6221 |  8.539662e+04 |   +0.10% |  2.17e-11 |      
      130 |   0.6193 |  8.535617e+04 |   -0.05% |  3.53e-11 |      
      140 |   0.6160 |  8.521756e+04 |   -0.16% |  5.76e-11 |      
      150 |   0.6123 |  8.507579e+04 |   -0.17% |  9.38e-11 |      
      160 |   0.6075 |  8.498005e+04 |   -0.11% |  1.53e-10 |      
      170 |   0.6001 |  8.490121e+04 |   -0.09% |  2.49e-10 |      
[INFO GPL-0038] Routability snapshot saved at iter = 172
      171 |   0.5990 |  8.488312e+04 |          |           |      
      180 |   0.5897 |  8.479180e+04 |   -0.13% |  4.05e-10 |      
      190 |   0.5748 |  8.468443e+04 |   -0.13% |  6.60e-10 |      
      200 |   0.5546 |  8.445487e+04 |   -0.27% |  1.08e-09 |      
      210 |   0.5298 |  8.411389e+04 |   -0.40% |  1.75e-09 |      
      220 |   0.5024 |  8.377291e+04 |   -0.41% |  2.85e-09 |      
      230 |   0.4762 |  8.365821e+04 |   -0.14% |  4.65e-09 |      
      240 |   0.4424 |  8.416998e+04 |   +0.61% |  7.57e-09 |      
      250 |   0.4033 |  8.455282e+04 |   +0.45% |  1.23e-08 |      
      260 |   0.3649 |  8.460188e+04 |   +0.06% |  2.01e-08 |      
      270 |   0.3224 |  8.505624e+04 |   +0.54% |  3.11e-08 |      
[INFO GPL-0040] Routability iteration: 1
[INFO GPL-0041] Total routing overflow: 0.0000
[INFO GPL-0042] Number of overflowed tiles: 0 (0.00%)
[INFO GPL-0043] Average top 0.5% routing congestion: 0.7077
[INFO GPL-0044] Average top 1.0% routing congestion: 0.6868
[INFO GPL-0045] Average top 2.0% routing congestion: 0.6643
[INFO GPL-0046] Average top 5.0% routing congestion: 0.6333
[INFO GPL-0047] Routability iteration weighted routing congestion: 0.6973
[INFO GPL-0050] Weighted routing congestion is lower than target routing congestion(1.0100), end routability optimization.
[INFO GPL-0090] Routability finished. Target routing congestion achieved succesfully.
Iteration | Overflow |     HPWL (um) |  HPWL(%) |   Penalty | Group
---------------------------------------------------------------
      280 |   0.2872 |  8.532510e+04 |   +0.32% |  4.58e-08 |      
      290 |   0.2519 |  8.572608e+04 |   +0.47% |  6.75e-08 |      
      300 |   0.2198 |  8.602777e+04 |   +0.35% |  9.94e-08 |      
      310 |   0.1941 |  8.637026e+04 |   +0.40% |  1.46e-07 |      
[INFO GPL-0100] Timing-driven iteration 2/2, virtual: false.
[INFO GPL-0101]    Iter: 311, overflow: 0.194, keep resizer changes at: 1, HPWL: 172740522
Iteration |   Area    | Resized | Buffers | Nets repaired | Remaining
---------------------------------------------------------------------
        0 |     +0.0% |       0 |       0 |             0 |      9466
    final |     +0.1% |       0 |       5 |             5 |         0
---------------------------------------------------------------------
[INFO RSZ-0034] Found 1 slew violations.
[INFO RSZ-0036] Found 4 capacitance violations.
[INFO RSZ-0038] Inserted 5 buffers in 5 nets.
   Iter   |    Area   | Removed | Inserted |   Pins
          |           | Buffers | Buffers  | Remaining
-------------------------------------------------------
        0 |     +0.0% |       0 |        0 |      9372
      930 |     +0.0% |       0 |        0 |      8442
     1860 |     -0.0% |       2 |        1 |      7512
     2790 |     -0.0% |       2 |        1 |      6582
     3720 |     -0.0% |       2 |        1 |      5652
     4650 |     -0.0% |       2 |        1 |      4722
     5580 |     -0.0% |       2 |        1 |      3792
     6510 |     -0.0% |       5 |        4 |      2862
     7440 |     -0.0% |       5 |        4 |      1932
     8370 |     -0.0% |      13 |       14 |      1002
     9300 |     -0.0% |      13 |       15 |        72
    final |     -0.0% |      31 |       36 |         0
-------------------------------------------------------
[INFO GPL-0106] Timing-driven: worst slack 8.848608e-09
[INFO GPL-0107] Timing-driven: repair_design delta area: 7.448 um^2 (+0.05%)
[INFO GPL-0108] Timing-driven: repair_design, gpl delta gcells: 10 (+0.14%)
[INFO GPL-0109] Timing-driven: repair_design, gcells created: 41, deleted: 31
[INFO GPL-0110] Timing-driven: new target density: 0.35116455
Iteration | Overflow |     HPWL (um) |  HPWL(%) |   Penalty | Group
---------------------------------------------------------------
      320 |   0.1740 |  8.863058e+04 |   +2.62% |  2.16e-07 |      
      330 |   0.1489 |  8.938654e+04 |   +0.85% |  3.18e-07 |      
      340 |   0.1285 |  8.982236e+04 |   +0.49% |  4.68e-07 |      
      350 |   0.1113 |  8.997920e+04 |   +0.17% |  6.89e-07 |      
      356 |   0.1000 |  8.993179e+04 |          |  9.04e-07 |      
---------------------------------------------------------------
[INFO GPL-1001] Global placement finished at iteration 356
[INFO GPL-1017] Routability mode iteration count: 105
[INFO GPL-1005] Routability final weighted congestion: 0.6560
[INFO GPL-1002] Placed Cell Area            15219.3818
[INFO GPL-1003] Available Free Area         47657.8900
[INFO GPL-1004] Minimum Feasible Density        0.3200 (cell_area / free_area)
[INFO GPL-1006]   Suggested Target Densities:
[INFO GPL-1007]     - For 90% usage of free space: 0.3548
[INFO GPL-1008]     - For 80% usage of free space: 0.3992
[INFO GPL-1009]     - For 50% usage of free space: 0.6387
[INFO GPL-1011] Original area (um^2): 15163.88
[INFO GPL-1012] Total routability artificial inflation: 0.00 (+0.00%)
[INFO GPL-1013] Total timing-driven delta area: 55.50 (+0.37%)
[INFO GPL-1014] Final placement area: 15219.38 (+0.37%)
[INFO GPL-1018] Final HPWL (um): 90227.72
Took 8 seconds: global_placement -density 0.35 -pad_left 0 -pad_right 0 -routability_driven -timing_driven -force_center_initial_place -min_phi_coef 0.95 -max_phi_coef 1.05
estimate_parasitics -placement
Report metrics stage 3, global place...

==========================================================================
global place report_design_area
--------------------------------------------------------------------------
Design area 14479 um^2 30% utilization.
write_db /work/results/nangate45/opentransformer_pe_array/base/3_3_place_gp.odb
Elapsed time: 0:09.84[h:]min:sec. CPU time: user 16.56 sys 0.45 (172%). Peak memory: 356664KB.
Log                       Ext     Elapsed/s Peak Memory/MB sha1sum result [0:20)
3_3_place_gp              .odb            9            348 d8ca06ab87fe22b6fed6
/OpenROAD-flow-scripts/flow/scripts/flow.sh 3_4_place_resized resize
Running resize.tcl, stage 3_4_place_resized
read_liberty /OpenROAD-flow-scripts/flow/platforms/nangate45/lib/NangateOpenCellLibrary_typical.lib
read_db /work/results/nangate45/opentransformer_pe_array/base/3_3_place_gp.odb
read_sdc /work/results/nangate45/opentransformer_pe_array/base/2_floorplan.sdc
source /OpenROAD-flow-scripts/flow/platforms/nangate45/setRC.tcl
estimate_parasitics -placement
Perform buffer insertion and gate resizing...
repair_design -verbose
Iteration |   Area    | Resized | Buffers | Nets repaired | Remaining
---------------------------------------------------------------------
        0 |     +0.0% |       0 |       0 |             0 |      9476
     1000 |     +0.0% |       0 |       0 |             0 |      8476
     2000 |     +0.0% |       0 |       1 |             1 |      7476
     3000 |     +0.0% |       0 |       1 |             1 |      6476
     4000 |     +0.0% |       0 |       1 |             1 |      5476
     5000 |     +0.0% |       0 |       1 |             1 |      4476
     6000 |     +0.0% |       0 |       1 |             1 |      3476
     7000 |     +0.0% |       0 |       1 |             1 |      2476
     8000 |     +0.0% |       0 |       1 |             1 |      1476
     9000 |     +0.0% |       0 |       1 |             1 |       476
    final |     +0.0% |       0 |       1 |             1 |         0
---------------------------------------------------------------------
[INFO RSZ-0036] Found 1 capacitance violations.
[INFO RSZ-0038] Inserted 1 buffers in 1 nets.
[INFO RSZ-0504] Runtime: 0.87s
Floating nets: 
Report metrics stage 3, resizer...

==========================================================================
resizer report_design_area
--------------------------------------------------------------------------
Design area 14481 um^2 30% utilization.
Instance count before 7639, after 7640
Pin count before 26650, after 26652
write_db /work/results/nangate45/opentransformer_pe_array/base/3_4_place_resized.odb
Elapsed time: 0:03.76[h:]min:sec. CPU time: user 4.91 sys 0.20 (136%). Peak memory: 166168KB.
Log                       Ext     Elapsed/s Peak Memory/MB sha1sum result [0:20)
3_4_place_resized         .odb            3            162 b52aebfcd575a7ee6f98
/OpenROAD-flow-scripts/flow/scripts/flow.sh 3_5_place_dp detail_place
Running detail_place.tcl, stage 3_5_place_dp
read_liberty /OpenROAD-flow-scripts/flow/platforms/nangate45/lib/NangateOpenCellLibrary_typical.lib
read_db /work/results/nangate45/opentransformer_pe_array/base/3_4_place_resized.odb
read_sdc /work/results/nangate45/opentransformer_pe_array/base/2_floorplan.sdc
source /OpenROAD-flow-scripts/flow/platforms/nangate45/setRC.tcl
detailed_placement
[INFO DPL-0006] Core area: 47761.90 um^2
[INFO DPL-0007] Movable instances area: 14377.03 um^2
[INFO DPL-0008] Fixed instances area within core: 104.01 um^2
[INFO DPL-0009] Utilization: 30.3%
[INFO DPL-0005] Diamond search max displacement: +/- 500 sites horizontally, +/- 100 rows vertically.
[INFO DPL-1102] Legalizing using negotiation legalizer.
[INFO DPL-1103] Negotiation base search window: +/-20 sites horizontally, +/-5 rows vertically 
	Automatic search window extension enabled.
	Search window extendable up to the max displacement cap of +/-500 sites, +/-100 rows near walls.
[INFO DPL-1104] NegotiationLegalizer DRC penalty: 5.
[INFO DPL-0392] Negotiation cell height distribution (1 unique row-count(s)):
[INFO DPL-0393]   height 1 row(s): 7640 cells
          |      Total |  Illegal |  Illegal
Iteration | Violations |    Cells |    Sites
---------------------------------------------
        0 |       1005 |       317 |       685
        1 |          4 |         2 |         2
        2 |          0 |         0 |         0
Negotiation phase 1 converged at iteration 2.
[INFO DPL-0500] Runtime: 0.12s
Placement Analysis
---------------------------------
total displacement       8529.2 u
average displacement        1.1 u
max displacement            4.6 u
original HPWL           90227.8 u
legalized HPWL          93629.5 u
delta HPWL                    4 %

improve_placement -max_displacement "5 1"
Detailed placement improvement.
[INFO DPL-0401] Setting random seed to 1.
[INFO DPL-0402] Setting maximum displacement 5 1 to 14000 2800 units.
[INFO DPL-0320] Collected 971 fixed cells.
[INFO DPL-0318] Collected 7249 single height cells.
[INFO DPL-0321] Collected 0 wide cells.
[INFO DPL-0322] Image (2280, 2800) - (439660, 439600)
[INFO DPL-0310] Assigned 7249 cells into segments.  Movement in X-direction is 0.000000, movement in Y-direction is 0.000000.
[INFO DPL-0313] Found 0 cells in wrong regions.
[INFO DPL-0315] Found 0 row alignment problems.
[INFO DPL-0314] Found 0 site alignment problems.
[INFO DPL-0311] Found 0 overlaps between adjacent cells.
[INFO DPL-0312] Found 0 edge spacing violations and 0 padding violations.
[INFO DPL-0303] Running algorithm for independent set matching.
[INFO DPL-0300] Set matching objective is wirelength.
[INFO DPL-0301] Pass   1 of matching; objective is 1.868509e+08.
[INFO DPL-0302] End of matching; objective is 1.867823e+08, improvement is 0.04 percent.
[INFO DPL-0303] Running algorithm for global swaps.
[INFO DPL-0306] Pass   1 of global swaps; hpwl is 1.839715e+08.
[INFO DPL-0306] Pass   2 of global swaps; hpwl is 1.834384e+08.
[INFO DPL-0307] End of global swaps; objective is 1.834384e+08, improvement is 1.79 percent.
[INFO DPL-0303] Running algorithm for vertical swaps.
[INFO DPL-0308] Pass   1 of vertical swaps; hpwl is 1.827228e+08.
[INFO DPL-0309] End of vertical swaps; objective is 1.827228e+08, improvement is 0.39 percent.
[INFO DPL-0303] Running algorithm for reordering.
[INFO DPL-0304] Pass   1 of reordering; objective is 1.825870e+08.
[INFO DPL-0305] End of reordering; objective is 1.825870e+08, improvement is 0.07 percent.
[INFO DPL-0303] Running algorithm for random improvement.
[INFO DPL-0324] Random improver is using random generator.
[INFO DPL-0325] Random improver is using hpwl objective.
[INFO DPL-0326] Random improver cost string is (a).
[INFO DPL-0332] End of pass, Generator random called 144980 times.
[INFO DPL-0335] Generator random, Cumulative attempts 144980, swaps 9670, moves 63193 since last reset.
[INFO DPL-0333] End of pass, Objective hpwl, Initial cost 1.811301e+08, Scratch cost 1.788719e+08, Incremental cost 1.788719e+08, Mismatch? N
[INFO DPL-0338] End of pass, Total cost is 1.788719e+08.
[INFO DPL-0327] Pass   1 of random improver; improvement in cost is 1.25 percent.
[INFO DPL-0332] End of pass, Generator random called 144980 times.
[INFO DPL-0335] Generator random, Cumulative attempts 289960, swaps 18903, moves 125934 since last reset.
[INFO DPL-0333] End of pass, Objective hpwl, Initial cost 1.788719e+08, Scratch cost 1.779761e+08, Incremental cost 1.779761e+08, Mismatch? N
[INFO DPL-0338] End of pass, Total cost is 1.779761e+08.
[INFO DPL-0327] Pass   2 of random improver; improvement in cost is 0.50 percent.
[INFO DPL-0328] End of random improver; improvement is 1.741273 percent.
[INFO DPL-0380] Cell flipping.
[INFO DPL-0382] Changed 0 cell orientations for row compatibility.
[INFO DPL-0383] Performed 2317 cell flips.
[INFO DPL-0384] End of flipping; objective is 1.763183e+08, improvement is 1.74 percent.
[INFO DPL-0313] Found 0 cells in wrong regions.
[INFO DPL-0315] Found 0 row alignment problems.
[INFO DPL-0314] Found 0 site alignment problems.
[INFO DPL-0311] Found 0 overlaps between adjacent cells.
[INFO DPL-0312] Found 0 edge spacing violations and 0 padding violations.
Detailed Improvement Results
------------------------------------------
Original HPWL            93629.5 u (   45522.8,    48106.7)
Final HPWL               88428.8 u (   42320.7,    46108.1)
Delta HPWL                  -5.6 % (      -7.0,       -4.2)

optimize_mirroring
[INFO DPL-0020] Mirrored 416 instances
[INFO DPL-0021] HPWL before           88428.8 u
[INFO DPL-0022] HPWL after            88298.5 u
[INFO DPL-0023] HPWL delta               -0.1 %
[INFO FLW-0012] Placement violations .
estimate_parasitics -placement
Report metrics stage 3, detailed place...

==========================================================================
detailed place report_design_area
--------------------------------------------------------------------------
Design area 14481 um^2 30% utilization.
write_db /work/results/nangate45/opentransformer_pe_array/base/3_5_place_dp.odb
write_sdc -no_timestamp /work/results/nangate45/opentransformer_pe_array/base/3_place.sdc
Elapsed time: 0:05.30[h:]min:sec. CPU time: user 6.44 sys 0.22 (125%). Peak memory: 172776KB.
Log                       Ext     Elapsed/s Peak Memory/MB sha1sum result [0:20)
3_5_place_dp              .odb            5            168 dd558688be5bd86490f7
cp /work/results/nangate45/opentransformer_pe_array/base/3_5_place_dp.odb /work/results/nangate45/opentransformer_pe_array/base/3_place.odb
/OpenROAD-flow-scripts/flow/scripts/flow.sh 4_1_cts cts
Running cts.tcl, stage 4_1_cts
read_liberty /OpenROAD-flow-scripts/flow/platforms/nangate45/lib/NangateOpenCellLibrary_typical.lib
read_db /work/results/nangate45/opentransformer_pe_array/base/3_place.odb
read_sdc /work/results/nangate45/opentransformer_pe_array/base/3_place.sdc
source /OpenROAD-flow-scripts/flow/platforms/nangate45/setRC.tcl
clock_tree_synthesis -sink_clustering_enable -repair_clock_nets
[INFO CTS-0050] Root buffer is CLKBUF_X3.
[INFO CTS-0051] Sink buffer is CLKBUF_X3.
[INFO CTS-0052] The following clock buffers will be used for CTS:
                    CLKBUF_X3
[INFO CTS-0049] Characterization buffer is CLKBUF_X3.
[INFO CTS-0007] Net "clk" found for clock "clk".
[INFO CTS-0010]  Clock net "clk" has 704 sinks.
[INFO CTS-0008] TritonCTS found 1 clock nets.
[INFO CTS-0097] Characterization used 1 buffer(s) types.
[INFO CTS-0201] 0 blockages from hard placement blockages and placed macros will be used.
[INFO CTS-0027] Generating H-Tree topology for net clk.
[INFO CTS-0028]  Total number of sinks: 704.
[INFO CTS-0090]  Sinks will be clustered based on buffer max cap.
[INFO CTS-0030]  Number of static layers: 0.
[INFO CTS-0020]  Wire segment unit: 14000  dbu (7 um).
[INFO CTS-0206] Best clustering solution was found from max clustering size of 8 and max clustering diameter of 48.
[INFO CTS-0019]  Total number of sinks after clustering: 129.
[INFO CTS-0024]  Normalized sink region: [(0.4175, 0.854), (30.3404, 30.774)].
[INFO CTS-0025]     Width:  29.9229.
[INFO CTS-0026]     Height: 29.9200.
 Level 1
    Direction: Horizontal
    Sinks per sub-region: 65
    Sub-region size: 14.9614 X 29.9200
[INFO CTS-0034]     Segment length (rounded): 8.
 Level 2
    Direction: Vertical
    Sinks per sub-region: 33
    Sub-region size: 14.9614 X 14.9600
[INFO CTS-0034]     Segment length (rounded): 8.
 Level 3
    Direction: Horizontal
    Sinks per sub-region: 17
    Sub-region size: 7.4807 X 14.9600
[INFO CTS-0034]     Segment length (rounded): 4.
 Level 4
    Direction: Vertical
    Sinks per sub-region: 9
    Sub-region size: 7.4807 X 7.4800
[INFO CTS-0034]     Segment length (rounded): 4.
[INFO CTS-0038]  Stop criterion found. Sink region hpwl is smaller than max wirelength (591.189 um) and max number of sinks is 15.
[INFO CTS-0035]  Number of sinks covered: 129.
[INFO CTS-0018]     Created 146 clock buffers.
[INFO CTS-0012]     Minimum number of buffers in the clock path: 3.
[INFO CTS-0013]     Maximum number of buffers in the clock path: 3.
[INFO CTS-0015]     Created 146 clock nets.
[INFO CTS-0016]     Fanout distribution for the current clock = 3:5, 4:18, 5:39, 6:50, 7:20, 8:7, 9:5, 10:1..
[INFO CTS-0017]     Max level of the clock tree: 4.
[INFO CTS-0098] Clock net "clk"
[INFO CTS-0099]  Sinks 819
[INFO CTS-0100]  Leaf buffers 129
[INFO CTS-0101]  Average sink wire length 359.80 um
[INFO CTS-0102]  Path depth 2 - 3
[INFO CTS-0207]  Dummy loads inserted 115
[INFO CTS-0500] Runtime: 1.54s
estimate_parasitics -placement
detailed_placement
[INFO DPL-0006] Core area: 47761.90 um^2
[INFO DPL-0007] Movable instances area: 14658.20 um^2
[INFO DPL-0008] Fixed instances area within core: 104.01 um^2
[INFO DPL-0009] Utilization: 30.9%
[INFO DPL-0005] Diamond search max displacement: +/- 500 sites horizontally, +/- 100 rows vertically.
[INFO DPL-1102] Legalizing using negotiation legalizer.
[INFO DPL-1103] Negotiation base search window: +/-20 sites horizontally, +/-5 rows vertically 
	Automatic search window extension enabled.
	Search window extendable up to the max displacement cap of +/-500 sites, +/-100 rows near walls.
[INFO DPL-1104] NegotiationLegalizer DRC penalty: 5.
[INFO DPL-0392] Negotiation cell height distribution (1 unique row-count(s)):
[INFO DPL-0393]   height 1 row(s): 7901 cells
          |      Total |  Illegal |  Illegal
Iteration | Violations |    Cells |    Sites
---------------------------------------------
        0 |        146 |        44 |       102
        1 |          0 |         0 |         0
Negotiation phase 1 converged at iteration 1.
[INFO DPL-0500] Runtime: 0.06s
Placement Analysis
---------------------------------
total displacement       3422.6 u
average displacement        0.4 u
max displacement            5.3 u
original HPWL           93240.3 u
legalized HPWL          94968.3 u
delta HPWL                    2 %

estimate_parasitics -placement
repair_timing -setup_margin 0 -hold_margin 0 -repair_tns 100 -verbose
[INFO RSZ-0100] Repair move sequence: UnbufferMove SizeUpMove SwapPinsMove BufferMove CloneMove SplitLoadMove 
[INFO RSZ-0098] No setup violations found
[INFO RSZ-0505] Runtime: 0.34s
[INFO RSZ-0033] No hold violations found.
[INFO RSZ-0506] Runtime: 0.08s
Error: cts.tcl, 83 child killed: illegal instruction
Elapsed time: 0:03.22[h:]min:sec. CPU time: user 4.00 sys 0.20 (130%). Peak memory: 190496KB.
make[1]: *** [Makefile:548: do-4_1_cts] Error 1
make: *** [Makefile:548: /work/results/nangate45/opentransformer_pe_array/base/4_1_cts.odb] Error 2
